Resolving dependencies...
Downloading packages...
  flutter_lints 4.0.0 (6.0.0 available)
  go_router 14.8.1 (17.1.0 available)
  google_fonts 6.3.3 (8.0.2 available)
  lints 4.0.0 (6.1.0 available)
  meta 1.17.0 (1.18.2 available)
  test_api 0.7.10 (0.7.11 available)
  vector_math 2.2.0 (2.3.0 available)
Got dependencies!
7 packages have newer versions incompatible with dependency constraints.
Try `flutter pub outdated` for more information.
00:00 +0: loading C:/Projects/Diwaniya/diwaniya_v2_fixed/diwaniya_v2/test/widget_test.dart
00:00 +0: ChatMessage json roundtrip preserves core fields
00:00 +1: AlbumPhoto json roundtrip preserves core fields
00:00 +2: All tests passed!
